[0.005s][info][gc] Using G1
[0.753s][info][gc] GC(0) Pause Young (Normal) (G1 Evacuation Pause) 23M->6M(236M) 5.732ms
[1.148s][info][gc] GC(1) Pause Young (Concurrent Start) (CodeCache GC Threshold) 31M->8M(236M) 7.941ms
[1.148s][info][gc] GC(2) Concurrent Mark Cycle
[1.156s][info][gc] GC(2) Pause Remark 10M->10M(54M) 2.140ms
[1.158s][info][gc] GC(2) Pause Cleanup 10M->10M(54M) 0.110ms
[1.159s][info][gc] GC(2) Concurrent Mark Cycle 10.854ms
[2.142s][info][gc] GC(3) Pause Young (Prepare Mixed) (G1 Evacuation Pause) 48M->12M(60M) 9.873ms
[2.437s][info][gc] GC(4) Pause Young (Mixed) (Metadata GC Threshold) 28M->13M(60M) 10.514ms
[2.477s][info][gc] GC(5) Pause Young (Concurrent Start) (Metadata GC Threshold) 15M->13M(60M) 4.486ms
[2.477s][info][gc] GC(6) Concurrent Mark Cycle
[2.494s][info][gc] GC(6) Pause Remark 14M->14M(60M) 4.965ms
[2.498s][info][gc] GC(6) Pause Cleanup 14M->14M(60M) 0.098ms
[2.499s][info][gc] GC(6) Concurrent Mark Cycle 22.326ms
[36.708s][info][gc] GC(7) Pause Young (Prepare Mixed) (G1 Evacuation Pause) 45M->15M(60M) 4.303ms
[105.065s][info][gc] GC(8) Pause Young (Mixed) (G1 Evacuation Pause) 51M->32M(74M) 15.313ms
[105.089s][info][gc] GC(9) Pause Young (Concurrent Start) (G1 Humongous Allocation) 44M->45M(74M) 10.458ms
[105.089s][info][gc] GC(10) Concurrent Mark Cycle
[105.116s][info][gc] GC(11) Pause Young (Normal) (G1 Evacuation Pause) 59M->60M(154M) 9.750ms
[105.131s][info][gc] GC(10) Pause Remark 70M->64M(154M) 7.620ms
[105.152s][info][gc] GC(10) Pause Cleanup 72M->72M(154M) 0.159ms
[105.153s][info][gc] GC(10) Concurrent Mark Cycle 63.598ms
[105.254s][info][gc] GC(12) Pause Young (Prepare Mixed) (G1 Evacuation Pause) 110M->112M(154M) 27.888ms
[105.292s][info][gc] GC(13) Pause Young (Mixed) (G1 Evacuation Pause) 138M->140M(162M) 15.445ms
[105.308s][info][gc] GC(14) Pause Young (Concurrent Start) (G1 Evacuation Pause) 146M->148M(162M) 6.209ms
[105.308s][info][gc] GC(15) Concurrent Mark Cycle
[105.323s][info][gc] GC(16) Pause Young (Normal) (G1 Evacuation Pause) 154M->155M(166M) 5.368ms
[105.340s][info][gc] GC(17) Pause Young (Normal) (G1 Evacuation Pause) 161M->162M(522M) 7.820ms
[105.385s][info][gc] GC(15) Pause Remark 190M->160M(522M) 6.481ms
[105.421s][info][gc] GC(15) Pause Cleanup 175M->175M(522M) 0.220ms
[105.424s][info][gc] GC(15) Concurrent Mark Cycle 116.101ms
[105.600s][info][gc] GC(18) Pause Young (Prepare Mixed) (G1 Evacuation Pause) 258M->261M(522M) 34.522ms
[109.774s][info][gc] GC(19) Pause Young (Mixed) (G1 Evacuation Pause) 391M->390M(522M) 47.799ms
[332.792s][info][gc] GC(20) Pause Young (Concurrent Start) (G1 Evacuation Pause) 428M->399M(522M) 5.905ms
[332.793s][info][gc] GC(21) Concurrent Mark Cycle
[332.866s][info][gc] GC(21) Pause Remark 399M->323M(550M) 1.429ms
[332.898s][info][gc] GC(21) Pause Cleanup 323M->323M(550M) 0.151ms
[332.899s][info][gc] GC(21) Concurrent Mark Cycle 106.618ms
[572.417s][info][gc] GC(22) Pause Young (Prepare Mixed) (G1 Evacuation Pause) 363M->321M(550M) 1.289ms
